==============================================
  🚀 ESPAÇO UBER - Servidor de Desenvolvimento
  --------------------------------------------
  🌐 Acesse: http://localhost:3000
  📄 Painel Admin: http://localhost:3000/admin.html
  🔑 Login: http://localhost:3000/login.html
  --------------------------------------------
  🔄 Live-reload ativo! As páginas serão
     atualizadas automaticamente ao editar
     arquivos HTML, CSS ou JS.
  --------------------------------------------
  🔌 API LosDados ativa (proxy server-to-server):
     GET  http://localhost:3000/api/losdados/consulta?tipo=...&documento=...
     (CPF, CNH, Telefone e Placa — chave injetada pelo servidor)
  ⏹️  Para parar: Ctrl+C
==============================================
🔄 Arquivo alterado: teste-rota-crlv-pdf.js - Recarregando páginas...
[CRLV-PDF] 📥 Endpoint /api/gerar-crlv-pdf ACESSADO (POST).
[CRLV-PDF] 🔍 veiculo recebido (chaves: 23), modelo = uber.
[CRLV-PDF] 🧱 HTML gerado (6304 caracteres).
Warning: UnknownErrorException: Ensure that the `standardFontDataUrl` API parameter is provided.
[PDF] ✅ Imagem do template UBER gerada (308368 bytes).
[CRLV-PDF] ✅ PDF gerado (258516 bytes).
🔄 Arquivo alterado: teste-verificar-pdf-tela.js - Recarregando páginas...
🔄 Arquivo alterado: teste-verificar-pdf-tela.js - Recarregando páginas...
🔄 Arquivo alterado: usuarios.json - Recarregando páginas...
🔄 Arquivo alterado: veiculos-reais.js - Recarregando páginas...
[PDF] ✅ Template UBER salvo em template_uber.pdf
